// Jest Snapshot v1, https://goo.gl/fbAQLP

exports[`it renders on the screen: it displays snapshot 1`] = `null`;
